C:\Users\tairc\Documents\codespace\qairuhub-test-landing\node_modules\.pnpm\miniflare@5.20260911.1-alpha\node_modules\miniflare\dist\src\index.js:116373
      const error53 = new MiniflareCoreError(
                      ^

MiniflareCoreError [ERR_VALIDATION]: Unexpected options passed to `new Miniflare()` constructor:
{
  workers: [
    /* [0] */ {
      ...,
      config: undefined,
              ^ Invalid input: expected object, received undefined
    },
  ],
}
    at validateOptions (C:\Users\tairc\Documents\codespace\qairuhub-test-landing\node_modules\.pnpm\miniflare@5.20260911.1-alpha\node_modules\miniflare\dist\src\index.js:116373:23)
    at new _Miniflare (C:\Users\tairc\Documents\codespace\qairuhub-test-landing\node_modules\.pnpm\miniflare@5.20260911.1-alpha\node_modules\miniflare\dist\src\index.js:116754:38)
    ... 4 lines matching cause stack trace ...
    at async asyncRunEntryPointWithESMLoader (node:internal/modules/run_main:101:5) {
  code: 'ERR_VALIDATION',
  cause: [Getter]
}

Node.js v24.12.0
